{
"PhpSpreadsheet:src/PhpSpreadsheet/Reader/Xlsx.php": [
216,
992
],
"PhpSpreadsheet:tests/PhpSpreadsheetTests/Calculation/Engine/FormattedNumberTest.php": [
98,
105,
114
],
"PhpSpreadsheet:tests/PhpSpreadsheetTests/Calculation/Functions/TextData/ErrorPropagationTest.php": [
13,
15
],
"PhpSpreadsheet:tests/PhpSpreadsheetTests/Calculation/ParseFormulaTest.php": [
35,
51,
57,
162,
182,
268
],
"PhpSpreadsheet:tests/PhpSpreadsheetTests/DefinedNameTest.php": [
26
],
"PhpSpreadsheet:tests/PhpSpreadsheetTests/Reader/Xls/ColorMapTest.php": [
27
],
"PhpSpreadsheet:tests/PhpSpreadsheetTests/ReferenceHelper4Test.php": [
34
],
"PhpSpreadsheet:tests/PhpSpreadsheetTests/ReferenceHelperTest.php": [
569
],
"PhpSpreadsheet:tests/PhpSpreadsheetTests/Shared/FontFileNameTest.php": [
64
],
"PhpSpreadsheet:tests/PhpSpreadsheetTests/Style/ConditionalFormatting/CellMatcherTest.php": [
69,
137,
180,
256,
425
],
"PhpSpreadsheet:tests/PhpSpreadsheetTests/Worksheet/Protection2Test.php": [
20
],
"PhpSpreadsheet:tests/PhpSpreadsheetTests/Writer/Xlsx/ArrayFunctionsTest.php": [
104
],
"PhpSpreadsheet:tests/PhpSpreadsheetTests/Writer/Xlsx/DrawingsTest.php": [
147
],
"PhpSpreadsheet:tests/data/Calculation/DateTime/DATEDIF.php": [
14,
36,
42,
84,
102
],
"PhpSpreadsheet:tests/data/Calculation/DateTime/DAYS360.php": [
9
],
"PhpSpreadsheet:tests/data/Calculation/DateTime/NETWORKDAYS.php": [
9
],
"PhpSpreadsheet:tests/data/Calculation/DateTime/WEEKNUM.php": [
24
],
"PhpSpreadsheet:tests/data/Calculation/DateTime/WEEKNUM1904.php": [
24,
74
],
"PhpSpreadsheet:tests/data/Calculation/DateTime/YEARFRAC.php": [
10,
113,
143,
353,
584
],
"PhpSpreadsheet:tests/data/Calculation/Financial/ACCRINT.php": [
10,
10,
10
],
"PhpSpreadsheet:tests/data/Calculation/Financial/AMORLINC.php": [
26,
26
],
"PhpSpreadsheet:tests/data/Calculation/Financial/COUPDAYBS.php": [
86,
87
],
"PhpSpreadsheet:tests/data/Calculation/Financial/COUPDAYS.php": [
100,
101
],
"PhpSpreadsheet:tests/data/Calculation/Financial/COUPDAYSNC.php": [
79,
80
],
"PhpSpreadsheet:tests/data/Calculation/Financial/COUPNCD.php": [
100,
101
],
"PhpSpreadsheet:tests/data/Calculation/Financial/COUPNUM.php": [
150,
151
],
"PhpSpreadsheet:tests/data/Calculation/Financial/COUPPCD.php": [
100,
101
],
"PhpSpreadsheet:tests/data/Calculation/Financial/PRICE.php": [
11,
20
],
"PhpSpreadsheet:tests/data/Calculation/Financial/XIRR.php": [
17
],
"PhpSpreadsheet:tests/data/Calculation/MathTrig/LOG.php": [
21
],
"PhpSpreadsheet:tests/data/Calculation/MathTrig/POWER.php": [
7
],
"PhpSpreadsheet:tests/data/Calculation/TextData/CHAR.php": [
7
],
"PhpSpreadsheet:tests/data/Calculation/TextData/TEXTAFTER.php": [
11,
126
],
"PhpSpreadsheet:tests/data/Calculation/TextData/TEXTBEFORE.php": [
11
],
"PhpSpreadsheet:tests/data/Shared/Date/ExcelToTimestamp1900Timezone.php": [
11,
77
],
"PhpSpreadsheet:tests/data/Style/NumberFormat.php": [
764
]
}
