{
"PHPWord:tests/PhpWordTests/Writer/ODText/Style/ParagraphTest.php": [
53
],
"PHPWord:tests/PhpWordTests/Writer/Word2007/Part/SettingsTest.php": [
53
]
}
