{
"PHP_CodeSniffer:tests/Core/Tokenizer/NamedFunctionCallArgumentsTest.php": [
41,
60,
65
]
}
