{
"RubixML:tests/Datasets/LabeledTest.php": [
34
]
}
